Archive member included to satisfy reference by file (symbol)

c:/ac6/systemworkbench/plugins/fr.ac6.mcu.externaltools.arm-none.win32_1.17.0.201812190825/tools/compiler/bin/../lib/gcc/arm-none-eabi/7.3.1/thumb/v6-m\libgcc.a(_udivsi3.o)
                              Drivers/STM32F0xx_HAL_Driver/Src/stm32f0xx_hal.o (__aeabi_uidiv)
c:/ac6/systemworkbench/plugins/fr.ac6.mcu.externaltools.arm-none.win32_1.17.0.201812190825/tools/compiler/bin/../lib/gcc/arm-none-eabi/7.3.1/thumb/v6-m\libgcc.a(_dvmd_tls.o)
                              c:/ac6/systemworkbench/plugins/fr.ac6.mcu.externaltools.arm-none.win32_1.17.0.201812190825/tools/compiler/bin/../lib/gcc/arm-none-eabi/7.3.1/thumb/v6-m\libgcc.a(_udivsi3.o) (__aeabi_idiv0)
c:/ac6/systemworkbench/plugins/fr.ac6.mcu.externaltools.arm-none.win32_1.17.0.201812190825/tools/compiler/bin/../lib/gcc/arm-none-eabi/7.3.1/../../../../arm-none-eabi/lib/thumb/v6-m\libc_nano.a(lib_a-exit.o)
                              c:/ac6/systemworkbench/plugins/fr.ac6.mcu.externaltools.arm-none.win32_1.17.0.201812190825/tools/compiler/bin/../lib/gcc/arm-none-eabi/7.3.1/../../../../arm-none-eabi/lib/thumb/v6-m/crt0.o (exit)
c:/ac6/systemworkbench/plugins/fr.ac6.mcu.externaltools.arm-none.win32_1.17.0.201812190825/tools/compiler/bin/../lib/gcc/arm-none-eabi/7.3.1/../../../../arm-none-eabi/lib/thumb/v6-m\libc_nano.a(lib_a-impure.o)
                              c:/ac6/systemworkbench/plugins/fr.ac6.mcu.externaltools.arm-none.win32_1.17.0.201812190825/tools/compiler/bin/../lib/gcc/arm-none-eabi/7.3.1/../../../../arm-none-eabi/lib/thumb/v6-m\libc_nano.a(lib_a-exit.o) (_global_impure_ptr)
c:/ac6/systemworkbench/plugins/fr.ac6.mcu.externaltools.arm-none.win32_1.17.0.201812190825/tools/compiler/bin/../lib/gcc/arm-none-eabi/7.3.1/../../../../arm-none-eabi/lib/thumb/v6-m\libc_nano.a(lib_a-init.o)
                              c:/ac6/systemworkbench/plugins/fr.ac6.mcu.externaltools.arm-none.win32_1.17.0.201812190825/tools/compiler/bin/../lib/gcc/arm-none-eabi/7.3.1/../../../../arm-none-eabi/lib/thumb/v6-m/crt0.o (__libc_init_array)
c:/ac6/systemworkbench/plugins/fr.ac6.mcu.externaltools.arm-none.win32_1.17.0.201812190825/tools/compiler/bin/../lib/gcc/arm-none-eabi/7.3.1/../../../../arm-none-eabi/lib/thumb/v6-m\libc_nano.a(lib_a-memset.o)
                              c:/ac6/systemworkbench/plugins/fr.ac6.mcu.externaltools.arm-none.win32_1.17.0.201812190825/tools/compiler/bin/../lib/gcc/arm-none-eabi/7.3.1/../../../../arm-none-eabi/lib/thumb/v6-m/crt0.o (memset)
c:/ac6/systemworkbench/plugins/fr.ac6.mcu.externaltools.arm-none.win32_1.17.0.201812190825/tools/compiler/bin/../lib/gcc/arm-none-eabi/7.3.1/../../../../arm-none-eabi/lib/thumb/v6-m\libnosys.a(_exit.o)
                              c:/ac6/systemworkbench/plugins/fr.ac6.mcu.externaltools.arm-none.win32_1.17.0.201812190825/tools/compiler/bin/../lib/gcc/arm-none-eabi/7.3.1/../../../../arm-none-eabi/lib/thumb/v6-m\libc_nano.a(lib_a-exit.o) (_exit)

Allocating common symbols
Common symbol       size              file

hUsbDeviceFS        0x224             Src/usb_device.o
hi2c2               0x4c              Src/main.o
uwTick              0x4               Drivers/STM32F0xx_HAL_Driver/Src/stm32f0xx_hal.o
pFlash              0x20              Drivers/STM32F0xx_HAL_Driver/Src/stm32f0xx_hal_flash.o
hpcd_USB_FS         0x220             Src/usbd_conf.o
husart1             0x48              Src/main.o
USBD_StrDesc        0x200             Src/usbd_desc.o

Discarded input sections

 .text          0x00000000        0x0 c:/ac6/systemworkbench/plugins/fr.ac6.mcu.externaltools.arm-none.win32_1.17.0.201812190825/tools/compiler/bin/../lib/gcc/arm-none-eabi/7.3.1/thumb/v6-m/crti.o
 .data          0x00000000        0x0 c:/ac6/systemworkbench/plugins/fr.ac6.mcu.externaltools.arm-none.win32_1.17.0.201812190825/tools/compiler/bin/../lib/gcc/arm-none-eabi/7.3.1/thumb/v6-m/crti.o
 .bss           0x00000000        0x0 c:/ac6/systemworkbench/plugins/fr.ac6.mcu.externaltools.arm-none.win32_1.17.0.201812190825/tools/compiler/bin/../lib/gcc/arm-none-eabi/7.3.1/thumb/v6-m/crti.o
 .data          0x00000000        0x4 c:/ac6/systemworkbench/plugins/fr.ac6.mcu.externaltools.arm-none.win32_1.17.0.201812190825/tools/compiler/bin/../lib/gcc/arm-none-eabi/7.3.1/thumb/v6-m/crtbegin.o
 .text          0x00000000       0x78 c:/ac6/systemworkbench/plugins/fr.ac6.mcu.externaltools.arm-none.win32_1.17.0.201812190825/tools/compiler/bin/../lib/gcc/arm-none-eabi/7.3.1/../../../../arm-none-eabi/lib/thumb/v6-m/crt0.o
 .data          0x00000000        0x0 c:/ac6/systemworkbench/plugins/fr.ac6.mcu.externaltools.arm-none.win32_1.17.0.201812190825/tools/compiler/bin/../lib/gcc/arm-none-eabi/7.3.1/../../../../arm-none-eabi/lib/thumb/v6-m/crt0.o
 .bss           0x00000000        0x0 c:/ac6/systemworkbench/plugins/fr.ac6.mcu.externaltools.arm-none.win32_1.17.0.201812190825/tools/compiler/bin/../lib/gcc/arm-none-eabi/7.3.1/../../../../arm-none-eabi/lib/thumb/v6-m/crt0.o
[...]
Memory Configuration

Name             Origin             Length             Attributes
RAM              0x20000000         0x00004000         xrw
FLASH            0x08000000         0x00020000         xr
*default*        0x00000000         0xffffffff

Linker script and memory map

LOAD c:/ac6/systemworkbench/plugins/fr.ac6.mcu.externaltools.arm-none.win32_1.17.0.201812190825/tools/compiler/bin/../lib/gcc/arm-none-eabi/7.3.1/thumb/v6-m/crti.o
LOAD c:/ac6/systemworkbench/plugins/fr.ac6.mcu.externaltools.arm-none.win32_1.17.0.201812190825/tools/compiler/bin/../lib/gcc/arm-none-eabi/7.3.1/thumb/v6-m/crtbegin.o
LOAD c:/ac6/systemworkbench/plugins/fr.ac6.mcu.externaltools.arm-none.win32_1.17.0.201812190825/tools/compiler/bin/../lib/gcc/arm-none-eabi/7.3.1/../../../../arm-none-eabi/lib/thumb/v6-m/crt0.o
LOAD Drivers/STM32F0xx_HAL_Driver/Src/stm32f0xx_hal.o
LOAD Drivers/STM32F0xx_HAL_Driver/Src/stm32f0xx_hal_cortex.o
LOAD Drivers/STM32F0xx_HAL_Driver/Src/stm32f0xx_hal_dma.o
LOAD Drivers/STM32F0xx_HAL_Driver/Src/stm32f0xx_hal_flash.o
LOAD Drivers/STM32F0xx_HAL_Driver/Src/stm32f0xx_hal_flash_ex.o
LOAD Drivers/STM32F0xx_HAL_Driver/Src/stm32f0xx_hal_gpio.o
LOAD Drivers/STM32F0xx_HAL_Driver/Src/stm32f0xx_hal_i2c.o
LOAD Drivers/STM32F0xx_HAL_Driver/Src/stm32f0xx_hal_i2c_ex.o
LOAD Drivers/STM32F0xx_HAL_Driver/Src/stm32f0xx_hal_pcd.o
LOAD Drivers/STM32F0xx_HAL_Driver/Src/stm32f0xx_hal_pcd_ex.o
LOAD Drivers/STM32F0xx_HAL_Driver/Src/stm32f0xx_hal_pwr.o
LOAD Drivers/STM32F0xx_HAL_Driver/Src/stm32f0xx_hal_pwr_ex.o
LOAD Drivers/STM32F0xx_HAL_Driver/Src/stm32f0xx_hal_rcc.o
LOAD Drivers/STM32F0xx_HAL_Driver/Src/stm32f0xx_hal_rcc_ex.o
LOAD Drivers/STM32F0xx_HAL_Driver/Src/stm32f0xx_hal_tim.o
LOAD Drivers/STM32F0xx_HAL_Driver/Src/stm32f0xx_hal_tim_ex.o
LOAD Drivers/STM32F0xx_HAL_Driver/Src/stm32f0xx_hal_usart.o
LOAD Drivers/keeb/keeb.o
LOAD Middlewares/ST/STM32_USB_Device_Library/Class/HID/Src/usbd_hid.o
LOAD Middlewares/ST/STM32_USB_Device_Library/Core/Src/usbd_core.o
LOAD Middlewares/ST/STM32_USB_Device_Library/Core/Src/usbd_ctlreq.o
LOAD Middlewares/ST/STM32_USB_Device_Library/Core/Src/usbd_ioreq.o
LOAD Src/main.o
LOAD Src/stm32f0xx_hal_msp.o
LOAD Src/stm32f0xx_it.o
LOAD Src/system_stm32f0xx.o
LOAD Src/usb_device.o
LOAD Src/usbd_conf.o
LOAD Src/usbd_desc.o
LOAD startup/startup_stm32f070xb.o
LOAD c:/ac6/systemworkbench/plugins/fr.ac6.mcu.externaltools.arm-none.win32_1.17.0.201812190825/tools/compiler/bin/../lib/gcc/arm-none-eabi/7.3.1/../../../../arm-none-eabi/lib/thumb/v6-m\libm.a
START GROUP
LOAD c:/ac6/systemworkbench/plugins/fr.ac6.mcu.externaltools.arm-none.win32_1.17.0.201812190825/tools/compiler/bin/../lib/gcc/arm-none-eabi/7.3.1/thumb/v6-m\libgcc.a
LOAD c:/ac6/systemworkbench/plugins/fr.ac6.mcu.externaltools.arm-none.win32_1.17.0.201812190825/tools/compiler/bin/../lib/gcc/arm-none-eabi/7.3.1/../../../../arm-none-eabi/lib/thumb/v6-m\libc_nano.a
END GROUP
START GROUP
LOAD c:/ac6/systemworkbench/plugins/fr.ac6.mcu.externaltools.arm-none.win32_1.17.0.201812190825/tools/compiler/bin/../lib/gcc/arm-none-eabi/7.3.1/thumb/v6-m\libgcc.a
LOAD c:/ac6/systemworkbench/plugins/fr.ac6.mcu.externaltools.arm-none.win32_1.17.0.201812190825/tools/compiler/bin/../lib/gcc/arm-none-eabi/7.3.1/../../../../arm-none-eabi/lib/thumb/v6-m\libc_nano.a
LOAD c:/ac6/systemworkbench/plugins/fr.ac6.mcu.externaltools.arm-none.win32_1.17.0.201812190825/tools/compiler/bin/../lib/gcc/arm-none-eabi/7.3.1/../../../../arm-none-eabi/lib/thumb/v6-m\libnosys.a
END GROUP
START GROUP
LOAD c:/ac6/systemworkbench/plugins/fr.ac6.mcu.externaltools.arm-none.win32_1.17.0.201812190825/tools/compiler/bin/../lib/gcc/arm-none-eabi/7.3.1/thumb/v6-m\libgcc.a
LOAD c:/ac6/systemworkbench/plugins/fr.ac6.mcu.externaltools.arm-none.win32_1.17.0.201812190825/tools/compiler/bin/../lib/gcc/arm-none-eabi/7.3.1/../../../../arm-none-eabi/lib/thumb/v6-m\libc_nano.a
LOAD c:/ac6/systemworkbench/plugins/fr.ac6.mcu.externaltools.arm-none.win32_1.17.0.201812190825/tools/compiler/bin/../lib/gcc/arm-none-eabi/7.3.1/../../../../arm-none-eabi/lib/thumb/v6-m\libnosys.a
END GROUP
LOAD c:/ac6/systemworkbench/plugins/fr.ac6.mcu.externaltools.arm-none.win32_1.17.0.201812190825/tools/compiler/bin/../lib/gcc/arm-none-eabi/7.3.1/thumb/v6-m/crtend.o
LOAD c:/ac6/systemworkbench/plugins/fr.ac6.mcu.externaltools.arm-none.win32_1.17.0.201812190825/tools/compiler/bin/../lib/gcc/arm-none-eabi/7.3.1/thumb/v6-m/crtn.o
                0x20004000                _estack = 0x20004000
                0x00000200                _Min_Heap_Size = 0x200
                0x00000400                _Min_Stack_Size = 0x400

.isr_vector     0x08000000       0xc0
                0x08000000                . = ALIGN (0x4)
 *(.isr_vector)
 .isr_vector    0x08000000       0xc0 startup/startup_stm32f070xb.o
                0x08000000                g_pfnVectors
                0x080000c0                . = ALIGN (0x4)

.text           0x080000c0     0x3cf0
                0x080000c0                . = ALIGN (0x4)
 *(.text)
 .text          0x080000c0       0x48 c:/ac6/systemworkbench/plugins/fr.ac6.mcu.externaltools.arm-none.win32_1.17.0.201812190825/tools/compiler/bin/../lib/gcc/arm-none-eabi/7.3.1/thumb/v6-m/crtbegin.o
 .text          0x08000108      0x114 c:/ac6/systemworkbench/plugins/fr.ac6.mcu.externaltools.arm-none.win32_1.17.0.201812190825/tools/compiler/bin/../lib/gcc/arm-none-eabi/7.3.1/thumb/v6-m\libgcc.a(_udivsi3.o)
                0x08000108                __aeabi_uidiv
                0x08000108                __udivsi3
                0x08000214                __aeabi_uidivmod
 .text          0x0800021c        0x4 c:/ac6/systemworkbench/plugins/fr.ac6.mcu.externaltools.arm-none.win32_1.17.0.201812190825/tools/compiler/bin/../lib/gcc/arm-none-eabi/7.3.1/thumb/v6-m\libgcc.a(_dvmd_tls.o)
                0x0800021c                __aeabi_idiv0
                0x0800021c                __aeabi_ldiv0
 *(.text*)
 .text.HAL_InitTick
                0x08000220       0x24 Drivers/STM32F0xx_HAL_Driver/Src/stm32f0xx_hal.o
                0x08000220                HAL_InitTick
 .text.HAL_Init
                0x08000244       0x20 Drivers/STM32F0xx_HAL_Driver/Src/stm32f0xx_hal.o
                0x08000244                HAL_Init
 .text.HAL_IncTick
                0x08000264       0x10 Drivers/STM32F0xx_HAL_Driver/Src/stm32f0xx_hal.o
                0x08000264                HAL_IncTick
 .text.HAL_GetTick
                0x08000274        0xc Drivers/STM32F0xx_HAL_Driver/Src/stm32f0xx_hal.o
                0x08000274                HAL_GetTick
 .text.HAL_Delay
                0x08000280       0x22 Drivers/STM32F0xx_HAL_Driver/Src/stm32f0xx_hal.o
                0x08000280                HAL_Delay
 *fill*         0x080002a2        0x2 
 .text.HAL_NVIC_SetPriority
                0x080002a4       0x60 Drivers/STM32F0xx_HAL_Driver/Src/stm32f0xx_hal_cortex.o
                0x080002a4                HAL_NVIC_SetPriority
 .text.HAL_NVIC_EnableIRQ
                0x08000304       0x14 Drivers/STM32F0xx_HAL_Driver/Src/stm32f0xx_hal_cortex.o
                0x08000304                HAL_NVIC_EnableIRQ
 .text.HAL_SYSTICK_Config
                0x08000318       0x38 Drivers/STM32F0xx_HAL_Driver/Src/stm32f0xx_hal_cortex.o
                0x08000318                HAL_SYSTICK_Config
 .text.HAL_GPIO_Init
                0x08000350      0x18c Drivers/STM32F0xx_HAL_Driver/Src/stm32f0xx_hal_gpio.o
                0x08000350                HAL_GPIO_Init
 .text.HAL_GPIO_ReadPin
                0x080004dc        0xe Drivers/STM32F0xx_HAL_Driver/Src/stm32f0xx_hal_gpio.o
                0x080004dc                HAL_GPIO_ReadPin
 .text.HAL_GPIO_WritePin
                0x080004ea        0xc Drivers/STM32F0xx_HAL_Driver/Src/stm32f0xx_hal_gpio.o
                0x080004ea                HAL_GPIO_WritePin
 *fill*         0x080004f6        0x2 
 .text.HAL_I2C_Init
                0x080004f8       0xcc Drivers/STM32F0xx_HAL_Driver/Src/stm32f0xx_hal_i2c.o
                0x080004f8                HAL_I2C_Init
 .text.HAL_I2CEx_ConfigAnalogFilter
                0x080005c4       0x58 Drivers/STM32F0xx_HAL_Driver/Src/stm32f0xx_hal_i2c_ex.o
                0x080005c4                HAL_I2CEx_ConfigAnalogFilter
 .text.HAL_I2CEx_ConfigDigitalFilter
                0x0800061c       0x54 Drivers/STM32F0xx_HAL_Driver/Src/stm32f0xx_hal_i2c_ex.o
                0x0800061c                HAL_I2CEx_ConfigDigitalFilter
 .text.HAL_PCD_Init
                0x08000670       0xc0 Drivers/STM32F0xx_HAL_Driver/Src/stm32f0xx_hal_pcd.o
                0x08000670                HAL_PCD_Init
 .text.HAL_PCD_Start
                0x08000730       0x18 Drivers/STM32F0xx_HAL_Driver/Src/stm32f0xx_hal_pcd.o
                0x08000730                HAL_PCD_Start
 .text.HAL_PCD_SetAddress
                0x08000748       0x36 Drivers/STM32F0xx_HAL_Driver/Src/stm32f0xx_hal_pcd.o
                0x08000748                HAL_PCD_SetAddress
 *fill*         0x0800077e        0x2 
 .text.HAL_PCD_EP_Open
                0x08000780      0x354 Drivers/STM32F0xx_HAL_Driver/Src/stm32f0xx_hal_pcd.o
                0x08000780                HAL_PCD_EP_Open
 .text.HAL_PCD_EP_Close
                0x08000ad4      0x1d0 Drivers/STM32F0xx_HAL_Driver/Src/stm32f0xx_hal_pcd.o
                0x08000ad4                HAL_PCD_EP_Close
 .text.HAL_PCD_EP_Receive
                0x08000ca4      0x200 Drivers/STM32F0xx_HAL_Driver/Src/stm32f0xx_hal_pcd.o
                0x08000ca4                HAL_PCD_EP_Receive
 .text.HAL_PCD_EP_SetStall
                0x08000ea4       0xc0 Drivers/STM32F0xx_HAL_Driver/Src/stm32f0xx_hal_pcd.o
                0x08000ea4                HAL_PCD_EP_SetStall
 .text.HAL_PCD_EP_ClrStall
                0x08000f64       0xe0 Drivers/STM32F0xx_HAL_Driver/Src/stm32f0xx_hal_pcd.o
                0x08000f64                HAL_PCD_EP_ClrStall
 .text.PCD_WritePMA
                0x08001044       0x28 Drivers/STM32F0xx_HAL_Driver/Src/stm32f0xx_hal_pcd.o
                0x08001044                PCD_WritePMA
 .text.HAL_PCD_EP_Transmit
                0x0800106c      0x218 Drivers/STM32F0xx_HAL_Driver/Src/stm32f0xx_hal_pcd.o
                0x0800106c                HAL_PCD_EP_Transmit
 .text.PCD_ReadPMA
                0x08001284       0x2c Drivers/STM32F0xx_HAL_Driver/Src/stm32f0xx_hal_pcd.o
                0x08001284                PCD_ReadPMA
 .text.PCD_EP_ISR_Handler
                0x080012b0      0x4ac Drivers/STM32F0xx_HAL_Driver/Src/stm32f0xx_hal_pcd.o
 .text.HAL_PCD_IRQHandler
                0x0800175c      0x11c Drivers/STM32F0xx_HAL_Driver/Src/stm32f0xx_hal_pcd.o
                0x0800175c                HAL_PCD_IRQHandler
 .text.HAL_PCDEx_PMAConfig
                0x08001878       0x3a Drivers/STM32F0xx_HAL_Driver/Src/stm32f0xx_hal_pcd_ex.o
                0x08001878                HAL_PCDEx_PMAConfig
 *fill*         0x080018b2        0x2 
 .text.HAL_RCC_OscConfig
                0x080018b4      0x468 Drivers/STM32F0xx_HAL_Driver/Src/stm32f0xx_hal_rcc.o
                0x080018b4                HAL_RCC_OscConfig
 .text.HAL_RCC_GetSysClockFreq
                0x08001d1c       0x74 Drivers/STM32F0xx_HAL_Driver/Src/stm32f0xx_hal_rcc.o
                0x08001d1c                HAL_RCC_GetSysClockFreq
 .text.HAL_RCC_ClockConfig
                0x08001d90      0x154 Drivers/STM32F0xx_HAL_Driver/Src/stm32f0xx_hal_rcc.o
                0x08001d90                HAL_RCC_ClockConfig
 .text.HAL_RCC_GetHCLKFreq
                0x08001ee4        0xc Drivers/STM32F0xx_HAL_Driver/Src/stm32f0xx_hal_rcc.o
                0x08001ee4                HAL_RCC_GetHCLKFreq
 .text.HAL_RCC_GetPCLK1Freq
                0x08001ef0       0x20 Drivers/STM32F0xx_HAL_Driver/Src/stm32f0xx_hal_rcc.o
                0x08001ef0                HAL_RCC_GetPCLK1Freq
 .text.HAL_RCCEx_PeriphCLKConfig
                0x08001f10      0x12c Drivers/STM32F0xx_HAL_Driver/Src/stm32f0xx_hal_rcc_ex.o
                0x08001f10                HAL_RCCEx_PeriphCLKConfig
 .text.USART_CheckIdleState
                0x0800203c       0x12 Drivers/STM32F0xx_HAL_Driver/Src/stm32f0xx_hal_usart.o
 *fill*         0x0800204e        0x2 
 .text.USART_SetConfig
                0x08002050      0x110 Drivers/STM32F0xx_HAL_Driver/Src/stm32f0xx_hal_usart.o
 .text.HAL_USART_Init
                0x08002160       0x54 Drivers/STM32F0xx_HAL_Driver/Src/stm32f0xx_hal_usart.o
                0x08002160                HAL_USART_Init
 .text.USBD_HID_GetCfgDesc
                0x080021b4        0xc Middlewares/ST/STM32_USB_Device_Library/Class/HID/Src/usbd_hid.o
 .text.USBD_HID_DataIn
                0x080021c0        0xe Middlewares/ST/STM32_USB_Device_Library/Class/HID/Src/usbd_hid.o
 *fill*         0x080021ce        0x2 
 .text.USBD_HID_GetDeviceQualifierDesc
                0x080021d0       0x10 Middlewares/ST/STM32_USB_Device_Library/Class/HID/Src/usbd_hid.o
 .text.USBD_HID_Setup
                0x080021e0       0xcc Middlewares/ST/STM32_USB_Device_Library/Class/HID/Src/usbd_hid.o
 .text.USBD_HID_DeInit
                0x080022ac       0x24 Middlewares/ST/STM32_USB_Device_Library/Class/HID/Src/usbd_hid.o
 .text.USBD_HID_Init
                0x080022d0       0x2a Middlewares/ST/STM32_USB_Device_Library/Class/HID/Src/usbd_hid.o
 .text.USBD_HID_SendReport
                0x080022fa       0x2a Middlewares/ST/STM32_USB_Device_Library/Class/HID/Src/usbd_hid.o
                0x080022fa                USBD_HID_SendReport
 .text.USBD_Init
                0x08002324       0x38 Middlewares/ST/STM32_USB_Device_Library/Core/Src/usbd_core.o
                0x08002324                USBD_Init
 .text.USBD_RegisterClass
                0x0800235c       0x12 Middlewares/ST/STM32_USB_Device_Library/Core/Src/usbd_core.o
                0x0800235c                USBD_RegisterClass
 .text.USBD_Start
                0x0800236e        0xa Middlewares/ST/STM32_USB_Device_Library/Core/Src/usbd_core.o
                0x0800236e                USBD_Start
 .text.USBD_SetClassConfig
                0x08002378       0x20 Middlewares/ST/STM32_USB_Device_Library/Core/Src/usbd_core.o
                0x08002378                USBD_SetClassConfig
 .text.USBD_ClrClassConfig
                0x08002398       0x10 Middlewares/ST/STM32_USB_Device_Library/Core/Src/usbd_core.o
                0x08002398                USBD_ClrClassConfig
 .text.USBD_LL_SetupStage
                0x080023a8       0x68 Middlewares/ST/STM32_USB_Device_Library/Core/Src/usbd_core.o
                0x080023a8                USBD_LL_SetupStage
 .text.USBD_LL_DataOutStage
                0x08002410       0x78 Middlewares/ST/STM32_USB_Device_Library/Core/Src/usbd_core.o
                0x08002410                USBD_LL_DataOutStage
 .text.USBD_LL_DataInStage
                0x08002488       0xc2 Middlewares/ST/STM32_USB_Device_Library/Core/Src/usbd_core.o
                0x08002488                USBD_LL_DataInStage
 .text.USBD_LL_Reset
                0x0800254a       0x46 Middlewares/ST/STM32_USB_Device_Library/Core/Src/usbd_core.o
                0x0800254a                USBD_LL_Reset
 .text.USBD_LL_SetSpeed
                0x08002590        0x6 Middlewares/ST/STM32_USB_Device_Library/Core/Src/usbd_core.o
                0x08002590                USBD_LL_SetSpeed
 .text.USBD_LL_Suspend
                0x08002596       0x16 Middlewares/ST/STM32_USB_Device_Library/Core/Src/usbd_core.o
                0x08002596                USBD_LL_Suspend
 .text.USBD_LL_Resume
                0x080025ac        0xe Middlewares/ST/STM32_USB_Device_Library/Core/Src/usbd_core.o
                0x080025ac                USBD_LL_Resume
 .text.USBD_LL_SOF
                0x080025ba       0x20 Middlewares/ST/STM32_USB_Device_Library/Core/Src/usbd_core.o
                0x080025ba                USBD_LL_SOF
 .text.USBD_GetLen
                0x080025da       0x14 Middlewares/ST/STM32_USB_Device_Library/Core/Src/usbd_ctlreq.o
 .text.USBD_SetFeature
                0x080025ee       0x22 Middlewares/ST/STM32_USB_Device_Library/Core/Src/usbd_ctlreq.o
 .text.USBD_ParseSetupRequest
                0x08002610       0x28 Middlewares/ST/STM32_USB_Device_Library/Core/Src/usbd_ctlreq.o
                0x08002610                USBD_ParseSetupRequest
 .text.USBD_CtlError
                0x08002638       0x14 Middlewares/ST/STM32_USB_Device_Library/Core/Src/usbd_ctlreq.o
                0x08002638                USBD_CtlError
 .text.USBD_GetDescriptor
                0x0800264c      0x15c Middlewares/ST/STM32_USB_Device_Library/Core/Src/usbd_ctlreq.o
 .text.USBD_SetAddress
                0x080027a8       0x58 Middlewares/ST/STM32_USB_Device_Library/Core/Src/usbd_ctlreq.o
 .text.USBD_SetConfig
                0x08002800       0xb0 Middlewares/ST/STM32_USB_Device_Library/Core/Src/usbd_ctlreq.o
 .text.USBD_GetConfig
                0x080028b0       0x3c Middlewares/ST/STM32_USB_Device_Library/Core/Src/usbd_ctlreq.o
 .text.USBD_GetStatus
                0x080028ec       0x34 Middlewares/ST/STM32_USB_Device_Library/Core/Src/usbd_ctlreq.o
 .text.USBD_ClrFeature
                0x08002920       0x36 Middlewares/ST/STM32_USB_Device_Library/Core/Src/usbd_ctlreq.o
 *fill*         0x08002956        0x2 
 .text.USBD_StdDevReq
                0x08002958       0x48 Middlewares/ST/STM32_USB_Device_Library/Core/Src/usbd_ctlreq.o
                0x08002958                USBD_StdDevReq
 .text.USBD_StdItfReq
                0x080029a0       0x3e Middlewares/ST/STM32_USB_Device_Library/Core/Src/usbd_ctlreq.o
                0x080029a0                USBD_StdItfReq
 .text.USBD_StdEPReq
                0x080029de      0x138 Middlewares/ST/STM32_USB_Device_Library/Core/Src/usbd_ctlreq.o
                0x080029de                USBD_StdEPReq
 .text.USBD_GetString
                0x08002b16       0x3c Middlewares/ST/STM32_USB_Device_Library/Core/Src/usbd_ctlreq.o
                0x08002b16                USBD_GetString
 .text.USBD_CtlSendData
                0x08002b52       0x1c Middlewares/ST/STM32_USB_Device_Library/Core/Src/usbd_ioreq.o
                0x08002b52                USBD_CtlSendData
 .text.USBD_CtlContinueSendData
                0x08002b6e       0x10 Middlewares/ST/STM32_USB_Device_Library/Core/Src/usbd_ioreq.o
                0x08002b6e                USBD_CtlContinueSendData
 .text.USBD_CtlContinueRx
                0x08002b7e       0x10 Middlewares/ST/STM32_USB_Device_Library/Core/Src/usbd_ioreq.o
                0x08002b7e                USBD_CtlContinueRx
 .text.USBD_CtlSendStatus
                0x08002b8e       0x18 Middlewares/ST/STM32_USB_Device_Library/Core/Src/usbd_ioreq.o
                0x08002b8e                USBD_CtlSendStatus
 .text.USBD_CtlReceiveStatus
                0x08002ba6       0x18 Middlewares/ST/STM32_USB_Device_Library/Core/Src/usbd_ioreq.o
                0x08002ba6                USBD_CtlReceiveStatus
 .text.NextAveHIDByte.7411
                0x08002bbe       0x2a Src/main.o
 .text.MX_GPIO_Init
                0x08002be8      0x110 Src/main.o
 .text.MX_USART1_Init
                0x08002cf8       0x30 Src/main.o
 .text.MX_I2C2_Init
                0x08002d28       0x44 Src/main.o
 .text.SystemClock_Config
                0x08002d6c       0x6c Src/main.o
                0x08002d6c                SystemClock_Config
 .text.main     0x08002dd8      0x9c0 Src/main.o
                0x08002dd8                main
 .text.Error_Handler
                0x08003798        0x2 Src/main.o
                0x08003798                Error_Handler
 *fill*         0x0800379a        0x2 
 .text.HAL_MspInit
                0x0800379c       0x30 Src/stm32f0xx_hal_msp.o
                0x0800379c                HAL_MspInit
 .text.HAL_I2C_MspInit
                0x080037cc       0x6c Src/stm32f0xx_hal_msp.o
                0x080037cc                HAL_I2C_MspInit
 .text.HAL_USART_MspInit
                0x08003838       0x68 Src/stm32f0xx_hal_msp.o
                0x08003838                HAL_USART_MspInit
 .text.NMI_Handler
                0x080038a0        0x2 Src/stm32f0xx_it.o
                0x080038a0                NMI_Handler
 .text.HardFault_Handler
                0x080038a2        0x2 Src/stm32f0xx_it.o
                0x080038a2                HardFault_Handler
 .text.SVC_Handler
                0x080038a4        0x2 Src/stm32f0xx_it.o
                0x080038a4                SVC_Handler
 .text.PendSV_Handler
                0x080038a6        0x2 Src/stm32f0xx_it.o
                0x080038a6                PendSV_Handler
 .text.SysTick_Handler
                0x080038a8        0x8 Src/stm32f0xx_it.o
                0x080038a8                SysTick_Handler
 .text.USB_IRQHandler
                0x080038b0       0x10 Src/stm32f0xx_it.o
                0x080038b0                USB_IRQHandler
 .text.SystemInit
                0x080038c0       0x68 Src/system_stm32f0xx.o
                0x080038c0                SystemInit
 .text.MX_USB_DEVICE_Init
                0x08003928       0x2c Src/usb_device.o
                0x08003928                MX_USB_DEVICE_Init
 .text.SystemClockConfig_Resume
                0x08003954        0x8 Src/usbd_conf.o
 .text.HAL_PCD_MspInit
                0x0800395c       0x40 Src/usbd_conf.o
                0x0800395c                HAL_PCD_MspInit
 .text.HAL_PCD_SetupStageCallback
                0x0800399c       0x14 Src/usbd_conf.o
                0x0800399c                HAL_PCD_SetupStageCallback
 .text.HAL_PCD_DataOutStageCallback
                0x080039b0       0x1e Src/usbd_conf.o
                0x080039b0                HAL_PCD_DataOutStageCallback
 .text.HAL_PCD_DataInStageCallback
                0x080039ce       0x1a Src/usbd_conf.o
                0x080039ce                HAL_PCD_DataInStageCallback
 .text.HAL_PCD_SOFCallback
                0x080039e8        0xe Src/usbd_conf.o
                0x080039e8                HAL_PCD_SOFCallback
 .text.HAL_PCD_ResetCallback
                0x080039f6       0x18 Src/usbd_conf.o
                0x080039f6                HAL_PCD_ResetCallback
 *fill*         0x08003a0e        0x2 
 .text.HAL_PCD_SuspendCallback
                0x08003a10       0x24 Src/usbd_conf.o
                0x08003a10                HAL_PCD_SuspendCallback
 .text.HAL_PCD_ResumeCallback
                0x08003a34       0x2c Src/usbd_conf.o
                0x08003a34                HAL_PCD_ResumeCallback
 .text.USBD_LL_Init
                0x08003a60       0x6c Src/usbd_conf.o
                0x08003a60                USBD_LL_Init
 .text.USBD_LL_Start
                0x08003acc       0x20 Src/usbd_conf.o
                0x08003acc                USBD_LL_Start
 .text.USBD_LL_OpenEP
                0x08003aec       0x26 Src/usbd_conf.o
                0x08003aec                USBD_LL_OpenEP
 .text.USBD_LL_CloseEP
                0x08003b12       0x20 Src/usbd_conf.o
                0x08003b12                USBD_LL_CloseEP
 .text.USBD_LL_StallEP
                0x08003b32       0x20 Src/usbd_conf.o
                0x08003b32                USBD_LL_StallEP
 .text.USBD_LL_ClearStallEP
                0x08003b52       0x20 Src/usbd_conf.o
                0x08003b52                USBD_LL_ClearStallEP
 .text.USBD_LL_IsStallEP
                0x08003b72       0x34 Src/usbd_conf.o
                0x08003b72                USBD_LL_IsStallEP
 .text.USBD_LL_SetUSBAddress
                0x08003ba6       0x20 Src/usbd_conf.o
                0x08003ba6                USBD_LL_SetUSBAddress
 .text.USBD_LL_Transmit
                0x08003bc6       0x20 Src/usbd_conf.o
                0x08003bc6                USBD_LL_Transmit
 .text.USBD_LL_PrepareReceive
                0x08003be6       0x20 Src/usbd_conf.o
                0x08003be6                USBD_LL_PrepareReceive
 *fill*         0x08003c06        0x2 
 .text.USBD_static_malloc
                0x08003c08        0x8 Src/usbd_conf.o
                0x08003c08                USBD_static_malloc
 .text.USBD_static_free
                0x08003c10        0x2 Src/usbd_conf.o
                0x08003c10                USBD_static_free
 *fill*         0x08003c12        0x2 
 .text.USBD_FS_DeviceDescriptor
                0x08003c14        0xc Src/usbd_desc.o
                0x08003c14                USBD_FS_DeviceDescriptor
 .text.USBD_FS_LangIDStrDescriptor
                0x08003c20       0x10 Src/usbd_desc.o
                0x08003c20                USBD_FS_LangIDStrDescriptor
 .text.USBD_FS_ProductStrDescriptor
                0x08003c30       0x28 Src/usbd_desc.o
                0x08003c30                USBD_FS_ProductStrDescriptor
 .text.USBD_FS_ManufacturerStrDescriptor
                0x08003c58       0x1c Src/usbd_desc.o
                0x08003c58                USBD_FS_ManufacturerStrDescriptor
 .text.USBD_FS_SerialStrDescriptor
                0x08003c74       0x28 Src/usbd_desc.o
                0x08003c74                USBD_FS_SerialStrDescriptor
 .text.USBD_FS_ConfigStrDescriptor
                0x08003c9c       0x28 Src/usbd_desc.o
                0x08003c9c                USBD_FS_ConfigStrDescriptor
 .text.USBD_FS_InterfaceStrDescriptor
                0x08003cc4       0x28 Src/usbd_desc.o
                0x08003cc4                USBD_FS_InterfaceStrDescriptor
 .text.Reset_Handler
                0x08003cec       0x50 startup/startup_stm32f070xb.o
                0x08003cec                Reset_Handler
 .text.Default_Handler
                0x08003d3c        0x2 startup/startup_stm32f070xb.o
                0x08003d3c                TIM1_CC_IRQHandler
                0x08003d3c                TIM6_IRQHandler
                0x08003d3c                I2C1_IRQHandler
                0x08003d3c                SPI1_IRQHandler
                0x08003d3c                USART3_4_IRQHandler
                0x08003d3c                EXTI2_3_IRQHandler
                0x08003d3c                ADC1_IRQHandler
                0x08003d3c                I2C2_IRQHandler
                0x08003d3c                TIM17_IRQHandler
                0x08003d3c                RTC_IRQHandler
                0x08003d3c                TIM16_IRQHandler
                0x08003d3c                TIM3_IRQHandler
                0x08003d3c                EXTI4_15_IRQHandler
                0x08003d3c                RCC_IRQHandler
                0x08003d3c                DMA1_Channel1_IRQHandler
                0x08003d3c                Default_Handler
                0x08003d3c                TIM14_IRQHandler
                0x08003d3c                DMA1_Channel4_5_IRQHandler
                0x08003d3c                TIM7_IRQHandler
                0x08003d3c                TIM15_IRQHandler
                0x08003d3c                EXTI0_1_IRQHandler
                0x08003d3c                SPI2_IRQHandler
                0x08003d3c                WWDG_IRQHandler
                0x08003d3c                DMA1_Channel2_3_IRQHandler
                0x08003d3c                USART2_IRQHandler
                0x08003d3c                FLASH_IRQHandler
                0x08003d3c                USART1_IRQHandler
                0x08003d3c                TIM1_BRK_UP_TRG_COM_IRQHandler
 *fill*         0x08003d3e        0x2 
 .text.__libc_init_array
                0x08003d40       0x48 c:/ac6/systemworkbench/plugins/fr.ac6.mcu.externaltools.arm-none.win32_1.17.0.201812190825/tools/compiler/bin/../lib/gcc/arm-none-eabi/7.3.1/../../../../arm-none-eabi/lib/thumb/v6-m\libc_nano.a(lib_a-init.o)
                0x08003d40                __libc_init_array
 .text.memset   0x08003d88       0x10 c:/ac6/systemworkbench/plugins/fr.ac6.mcu.externaltools.arm-none.win32_1.17.0.201812190825/tools/compiler/bin/../lib/gcc/arm-none-eabi/7.3.1/../../../../arm-none-eabi/lib/thumb/v6-m\libc_nano.a(lib_a-memset.o)
                0x08003d88                memset
 *(.glue_7)
 .glue_7        0x08003d98        0x0 linker stubs
 *(.glue_7t)
 .glue_7t       0x08003d98        0x0 linker stubs
 *(.eh_frame)
 .eh_frame      0x08003d98        0x0 c:/ac6/systemworkbench/plugins/fr.ac6.mcu.externaltools.arm-none.win32_1.17.0.201812190825/tools/compiler/bin/../lib/gcc/arm-none-eabi/7.3.1/thumb/v6-m/crtbegin.o
 *(.init)
 .init          0x08003d98        0x4 c:/ac6/systemworkbench/plugins/fr.ac6.mcu.externaltools.arm-none.win32_1.17.0.201812190825/tools/compiler/bin/../lib/gcc/arm-none-eabi/7.3.1/thumb/v6-m/crti.o
                0x08003d98                _init
 .init          0x08003d9c        0x8 c:/ac6/systemworkbench/plugins/fr.ac6.mcu.externaltools.arm-none.win32_1.17.0.201812190825/tools/compiler/bin/../lib/gcc/arm-none-eabi/7.3.1/thumb/v6-m/crtn.o
 *(.fini)
 .fini          0x08003da4        0x4 c:/ac6/systemworkbench/plugins/fr.ac6.mcu.externaltools.arm-none.win32_1.17.0.201812190825/tools/compiler/bin/../lib/gcc/arm-none-eabi/7.3.1/thumb/v6-m/crti.o
                0x08003da4                _fini
 .fini          0x08003da8        0x8 c:/ac6/systemworkbench/plugins/fr.ac6.mcu.externaltools.arm-none.win32_1.17.0.201812190825/tools/compiler/bin/../lib/gcc/arm-none-eabi/7.3.1/thumb/v6-m/crtn.o
                0x08003db0                . = ALIGN (0x4)
                0x08003db0                _etext = .

.vfp11_veneer   0x08003db0        0x0
 .vfp11_veneer  0x08003db0        0x0 linker stubs

.v4_bx          0x08003db0        0x0
 .v4_bx         0x08003db0        0x0 linker stubs

.iplt           0x08003db0        0x0
 .iplt          0x08003db0        0x0 c:/ac6/systemworkbench/plugins/fr.ac6.mcu.externaltools.arm-none.win32_1.17.0.201812190825/tools/compiler/bin/../lib/gcc/arm-none-eabi/7.3.1/thumb/v6-m/crtbegin.o

.rodata         0x08003db0      0x110
                0x08003db0                . = ALIGN (0x4)
 *(.rodata)
 .rodata        0x08003db0       0x20 Drivers/STM32F0xx_HAL_Driver/Src/stm32f0xx_hal_rcc.o
 .rodata        0x08003dd0       0x60 Middlewares/ST/STM32_USB_Device_Library/Core/Src/usbd_ctlreq.o
 .rodata        0x08003e30       0x20 Src/main.o
 .rodata        0x08003e50       0x18 Src/system_stm32f0xx.o
                0x08003e50                AHBPrescTable
                0x08003e60                APBPrescTable
 *(.rodata*)
 .rodata.str1.4
                0x08003e68       0x58 Src/usbd_desc.o
                                 0x56 (size before relaxing)
                0x08003ec0                . = ALIGN (0x4)

.rel.dyn        0x08003ec0        0x0
 .rel.iplt      0x08003ec0        0x0 c:/ac6/systemworkbench/plugins/fr.ac6.mcu.externaltools.arm-none.win32_1.17.0.201812190825/tools/compiler/bin/../lib/gcc/arm-none-eabi/7.3.1/thumb/v6-m/crtbegin.o

.ARM.extab
 *(.ARM.extab* .gnu.linkonce.armextab.*)

.ARM            0x08003ec0        0x0
                0x08003ec0                __exidx_start = .
 *(.ARM.exidx*)
                0x08003ec0                __exidx_end = .

.preinit_array  0x08003ec0        0x0
                0x08003ec0                PROVIDE (__preinit_array_start = .)
 *(.preinit_array*)
                0x08003ec0                PROVIDE (__preinit_array_end = .)

.init_array     0x08003ec0        0x4
                0x08003ec0                PROVIDE (__init_array_start = .)
 *(SORT_BY_NAME(.init_array.*))
 *(.init_array*)
 .init_array    0x08003ec0        0x4 c:/ac6/systemworkbench/plugins/fr.ac6.mcu.externaltools.arm-none.win32_1.17.0.201812190825/tools/compiler/bin/../lib/gcc/arm-none-eabi/7.3.1/thumb/v6-m/crtbegin.o
                0x08003ec4                PROVIDE (__init_array_end = .)

.fini_array     0x08003ec4        0x4
                [!provide]                PROVIDE (__fini_array_start = .)
 *(SORT_BY_NAME(.fini_array.*))
 *(.fini_array*)
 .fini_array    0x08003ec4        0x4 c:/ac6/systemworkbench/plugins/fr.ac6.mcu.externaltools.arm-none.win32_1.17.0.201812190825/tools/compiler/bin/../lib/gcc/arm-none-eabi/7.3.1/thumb/v6-m/crtbegin.o
                [!provide]                PROVIDE (__fini_array_end = .)
                0x08003ec8                _sidata = LOADADDR (.data)

.data           0x20000000      0x168 load address 0x08003ec8
                0x20000000                . = ALIGN (0x4)
                0x20000000                _sdata = .
 *(.data)
 .data          0x20000000      0x130 Middlewares/ST/STM32_USB_Device_Library/Class/HID/Src/usbd_hid.o
                0x200000f8                USBD_HID
 .data          0x20000130        0x4 Src/system_stm32f0xx.o
                0x20000130                SystemCoreClock
 .data          0x20000134       0x34 Src/usbd_desc.o
                0x20000134                USBD_FS_DeviceDesc
                0x20000148                USBD_LangIDDesc
                0x2000014c                FS_Desc
 *(.data*)
                0x20000168                . = ALIGN (0x4)
                0x20000168                _edata = .

.igot.plt       0x20000168        0x0 load address 0x08004030
 .igot.plt      0x20000168        0x0 c:/ac6/systemworkbench/plugins/fr.ac6.mcu.externaltools.arm-none.win32_1.17.0.201812190825/tools/compiler/bin/../lib/gcc/arm-none-eabi/7.3.1/thumb/v6-m/crtbegin.o
                0x20000168                . = ALIGN (0x4)

.bss            0x20000168      0x710 load address 0x08004030
                0x20000168                _sbss = .
                0x20000168                __bss_start__ = _sbss
 *(.bss)
 .bss           0x20000168       0x1c c:/ac6/systemworkbench/plugins/fr.ac6.mcu.externaltools.arm-none.win32_1.17.0.201812190825/tools/compiler/bin/../lib/gcc/arm-none-eabi/7.3.1/thumb/v6-m/crtbegin.o
 .bss           0x20000184        0x1 Middlewares/ST/STM32_USB_Device_Library/Core/Src/usbd_ctlreq.o
 *fill*         0x20000185        0x3 
 .bss           0x20000188       0x14 Src/usbd_conf.o
 *(.bss*)
 *(COMMON)
 COMMON         0x2000019c        0x4 Drivers/STM32F0xx_HAL_Driver/Src/stm32f0xx_hal.o
                0x2000019c                uwTick
 COMMON         0x200001a0       0x94 Src/main.o
                0x200001a0                hi2c2
                0x200001ec                husart1
 COMMON         0x20000234      0x224 Src/usb_device.o
                0x20000234                hUsbDeviceFS
 COMMON         0x20000458      0x220 Src/usbd_conf.o
                0x20000458                hpcd_USB_FS
 COMMON         0x20000678      0x200 Src/usbd_desc.o
                0x20000678                USBD_StrDesc
                0x20000878                . = ALIGN (0x4)
                0x20000878                _ebss = .
                0x20000878                __bss_end__ = _ebss

._user_heap_stack
                0x20000878      0x600 load address 0x08004030
                0x20000878                . = ALIGN (0x8)
                [!provide]                PROVIDE (end = .)
                [!provide]                PROVIDE (_end = .)
                0x20000a78                . = (. + _Min_Heap_Size)
 *fill*         0x20000878      0x200 
                0x20000e78                . = (. + _Min_Stack_Size)
 *fill*         0x20000a78      0x400 
                0x20000e78                . = ALIGN (0x8)

/DISCARD/
 libc.a(*)
 libm.a(*)
 libgcc.a(*)

.ARM.attributes
                0x00000000       0x28
 *(.ARM.attributes)
 .ARM.attributes
                0x00000000       0x1e c:/ac6/systemworkbench/plugins/fr.ac6.mcu.externaltools.arm-none.win32_1.17.0.201812190825/tools/compiler/bin/../lib/gcc/arm-none-eabi/7.3.1/thumb/v6-m/crti.o
 .ARM.attributes
                0x0000001e       0x2c c:/ac6/systemworkbench/plugins/fr.ac6.mcu.externaltools.arm-none.win32_1.17.0.201812190825/tools/compiler/bin/../lib/gcc/arm-none-eabi/7.3.1/thumb/v6-m/crtbegin.o
 .ARM.attributes
                0x0000004a       0x31 Drivers/STM32F0xx_HAL_Driver/Src/stm32f0xx_hal.o
 .ARM.attributes
                0x0000007b       0x31 Drivers/STM32F0xx_HAL_Driver/Src/stm32f0xx_hal_cortex.o
 .ARM.attributes
                0x000000ac       0x31 Drivers/STM32F0xx_HAL_Driver/Src/stm32f0xx_hal_gpio.o
 .ARM.attributes
                0x000000dd       0x31 Drivers/STM32F0xx_HAL_Driver/Src/stm32f0xx_hal_i2c.o
 .ARM.attributes
                0x0000010e       0x31 Drivers/STM32F0xx_HAL_Driver/Src/stm32f0xx_hal_i2c_ex.o
 .ARM.attributes
                0x0000013f       0x31 Drivers/STM32F0xx_HAL_Driver/Src/stm32f0xx_hal_pcd.o
 .ARM.attributes
                0x00000170       0x31 Drivers/STM32F0xx_HAL_Driver/Src/stm32f0xx_hal_pcd_ex.o
 .ARM.attributes
                0x000001a1       0x31 Drivers/STM32F0xx_HAL_Driver/Src/stm32f0xx_hal_rcc.o
 .ARM.attributes
                0x000001d2       0x31 Drivers/STM32F0xx_HAL_Driver/Src/stm32f0xx_hal_rcc_ex.o
 .ARM.attributes
                0x00000203       0x31 Drivers/STM32F0xx_HAL_Driver/Src/stm32f0xx_hal_usart.o
 .ARM.attributes
                0x00000234       0x31 Middlewares/ST/STM32_USB_Device_Library/Class/HID/Src/usbd_hid.o
 .ARM.attributes
                0x00000265       0x31 Middlewares/ST/STM32_USB_Device_Library/Core/Src/usbd_core.o
 .ARM.attributes
                0x00000296       0x31 Middlewares/ST/STM32_USB_Device_Library/Core/Src/usbd_ctlreq.o
 .ARM.attributes
                0x000002c7       0x31 Middlewares/ST/STM32_USB_Device_Library/Core/Src/usbd_ioreq.o
 .ARM.attributes
                0x000002f8       0x31 Src/main.o
 .ARM.attributes
                0x00000329       0x31 Src/stm32f0xx_hal_msp.o
 .ARM.attributes
                0x0000035a       0x31 Src/stm32f0xx_it.o
 .ARM.attributes
                0x0000038b       0x31 Src/system_stm32f0xx.o
 .ARM.attributes
                0x000003bc       0x31 Src/usb_device.o
 .ARM.attributes
                0x000003ed       0x31 Src/usbd_conf.o
 .ARM.attributes
                0x0000041e       0x31 Src/usbd_desc.o
 .ARM.attributes
                0x0000044f       0x21 startup/startup_stm32f070xb.o
 .ARM.attributes
                0x00000470       0x1e c:/ac6/systemworkbench/plugins/fr.ac6.mcu.externaltools.arm-none.win32_1.17.0.201812190825/tools/compiler/bin/../lib/gcc/arm-none-eabi/7.3.1/thumb/v6-m\libgcc.a(_udivsi3.o)
 .ARM.attributes
                0x0000048e       0x1e c:/ac6/systemworkbench/plugins/fr.ac6.mcu.externaltools.arm-none.win32_1.17.0.201812190825/tools/compiler/bin/../lib/gcc/arm-none-eabi/7.3.1/thumb/v6-m\libgcc.a(_dvmd_tls.o)
 .ARM.attributes
                0x000004ac       0x2c c:/ac6/systemworkbench/plugins/fr.ac6.mcu.externaltools.arm-none.win32_1.17.0.201812190825/tools/compiler/bin/../lib/gcc/arm-none-eabi/7.3.1/../../../../arm-none-eabi/lib/thumb/v6-m\libc_nano.a(lib_a-init.o)
 .ARM.attributes
                0x000004d8       0x2c c:/ac6/systemworkbench/plugins/fr.ac6.mcu.externaltools.arm-none.win32_1.17.0.201812190825/tools/compiler/bin/../lib/gcc/arm-none-eabi/7.3.1/../../../../arm-none-eabi/lib/thumb/v6-m\libc_nano.a(lib_a-memset.o)
 .ARM.attributes
                0x00000504       0x1e c:/ac6/systemworkbench/plugins/fr.ac6.mcu.externaltools.arm-none.win32_1.17.0.201812190825/tools/compiler/bin/../lib/gcc/arm-none-eabi/7.3.1/thumb/v6-m/crtn.o
OUTPUT(Keeby1.elf elf32-littlearm)

.debug_info     0x00000000    0x1b870
 .debug_info    0x00000000      0xe6e Drivers/STM32F0xx_HAL_Driver/Src/stm32f0xx_hal.o
 .debug_info    0x00000e6e      0xfe3 Drivers/STM32F0xx_HAL_Driver/Src/stm32f0xx_hal_cortex.o
 .debug_info    0x00001e51      0xe63 Drivers/STM32F0xx_HAL_Driver/Src/stm32f0xx_hal_gpio.o
 .debug_info    0x00002cb4     0x39b6 Drivers/STM32F0xx_HAL_Driver/Src/stm32f0xx_hal_i2c.o
 .debug_info    0x0000666a     0x103f Drivers/STM32F0xx_HAL_Driver/Src/stm32f0xx_hal_i2c_ex.o
 .debug_info    0x000076a9     0x1b75 Drivers/STM32F0xx_HAL_Driver/Src/stm32f0xx_hal_pcd.o
 .debug_info    0x0000921e      0xdbd Drivers/STM32F0xx_HAL_Driver/Src/stm32f0xx_hal_pcd_ex.o
 .debug_info    0x00009fdb     0x1141 Drivers/STM32F0xx_HAL_Driver/Src/stm32f0xx_hal_rcc.o
 .debug_info    0x0000b11c      0xc42 Drivers/STM32F0xx_HAL_Driver/Src/stm32f0xx_hal_rcc_ex.o
 .debug_info    0x0000bd5e     0x1e23 Drivers/STM32F0xx_HAL_Driver/Src/stm32f0xx_hal_usart.o
 .debug_info    0x0000db81     0x115a Middlewares/ST/STM32_USB_Device_Library/Class/HID/Src/usbd_hid.o
 .debug_info    0x0000ecdb     0x1485 Middlewares/ST/STM32_USB_Device_Library/Core/Src/usbd_core.o
 .debug_info    0x00010160     0x1680 Middlewares/ST/STM32_USB_Device_Library/Core/Src/usbd_ctlreq.o
 .debug_info    0x000117e0      0xfad Middlewares/ST/STM32_USB_Device_Library/Core/Src/usbd_ioreq.o
 .debug_info    0x0001278d     0x2a6d Src/main.o
 .debug_info    0x000151fa     0x145c Src/stm32f0xx_hal_msp.o
 .debug_info    0x00016656      0xdc0 Src/stm32f0xx_it.o
 .debug_info    0x00017416      0xa74 Src/system_stm32f0xx.o
 .debug_info    0x00017e8a      0xd8b Src/usb_device.o
 .debug_info    0x00018c15     0x1f01 Src/usbd_conf.o
 .debug_info    0x0001ab16      0xd38 Src/usbd_desc.o
 .debug_info    0x0001b84e       0x22 startup/startup_stm32f070xb.o

.debug_abbrev   0x00000000     0x382e
 .debug_abbrev  0x00000000      0x2f6 Drivers/STM32F0xx_HAL_Driver/Src/stm32f0xx_hal.o
 .debug_abbrev  0x000002f6      0x328 Drivers/STM32F0xx_HAL_Driver/Src/stm32f0xx_hal_cortex.o
 .debug_abbrev  0x0000061e      0x2a7 Drivers/STM32F0xx_HAL_Driver/Src/stm32f0xx_hal_gpio.o
 .debug_abbrev  0x000008c5      0x2df Drivers/STM32F0xx_HAL_Driver/Src/stm32f0xx_hal_i2c.o
 .debug_abbrev  0x00000ba4      0x266 Drivers/STM32F0xx_HAL_Driver/Src/stm32f0xx_hal_i2c_ex.o
 .debug_abbrev  0x00000e0a      0x376 Drivers/STM32F0xx_HAL_Driver/Src/stm32f0xx_hal_pcd.o
 .debug_abbrev  0x00001180      0x209 Drivers/STM32F0xx_HAL_Driver/Src/stm32f0xx_hal_pcd_ex.o
 .debug_abbrev  0x00001389      0x2ea Drivers/STM32F0xx_HAL_Driver/Src/stm32f0xx_hal_rcc.o
 .debug_abbrev  0x00001673      0x2a5 Drivers/STM32F0xx_HAL_Driver/Src/stm32f0xx_hal_rcc_ex.o
 .debug_abbrev  0x00001918      0x2e3 Drivers/STM32F0xx_HAL_Driver/Src/stm32f0xx_hal_usart.o
 .debug_abbrev  0x00001bfb      0x29e Middlewares/ST/STM32_USB_Device_Library/Class/HID/Src/usbd_hid.o
 .debug_abbrev  0x00001e99      0x2c1 Middlewares/ST/STM32_USB_Device_Library/Core/Src/usbd_core.o
 .debug_abbrev  0x0000215a      0x322 Middlewares/ST/STM32_USB_Device_Library/Core/Src/usbd_ctlreq.o
 .debug_abbrev  0x0000247c      0x20e Middlewares/ST/STM32_USB_Device_Library/Core/Src/usbd_ioreq.o
 .debug_abbrev  0x0000268a      0x368 Src/main.o
 .debug_abbrev  0x000029f2      0x256 Src/stm32f0xx_hal_msp.o
 .debug_abbrev  0x00002c48      0x22e Src/stm32f0xx_it.o
 .debug_abbrev  0x00002e76      0x205 Src/system_stm32f0xx.o
 .debug_abbrev  0x0000307b      0x20c Src/usb_device.o
 .debug_abbrev  0x00003287      0x325 Src/usbd_conf.o
 .debug_abbrev  0x000035ac      0x270 Src/usbd_desc.o
 .debug_abbrev  0x0000381c       0x12 startup/startup_stm32f070xb.o

.debug_loc      0x00000000     0xa59b
 .debug_loc     0x00000000       0x7c Drivers/STM32F0xx_HAL_Driver/Src/stm32f0xx_hal.o
 .debug_loc     0x0000007c      0x393 Drivers/STM32F0xx_HAL_Driver/Src/stm32f0xx_hal_cortex.o
 .debug_loc     0x0000040f      0x2fe Drivers/STM32F0xx_HAL_Driver/Src/stm32f0xx_hal_gpio.o
 .debug_loc     0x0000070d     0x3a3c Drivers/STM32F0xx_HAL_Driver/Src/stm32f0xx_hal_i2c.o
 .debug_loc     0x00004149      0x19f Drivers/STM32F0xx_HAL_Driver/Src/stm32f0xx_hal_i2c_ex.o
 .debug_loc     0x000042e8     0x1281 Drivers/STM32F0xx_HAL_Driver/Src/stm32f0xx_hal_pcd.o
 .debug_loc     0x00005569       0xea Drivers/STM32F0xx_HAL_Driver/Src/stm32f0xx_hal_pcd_ex.o
 .debug_loc     0x00005653      0x454 Drivers/STM32F0xx_HAL_Driver/Src/stm32f0xx_hal_rcc.o
 .debug_loc     0x00005aa7      0x4f4 Drivers/STM32F0xx_HAL_Driver/Src/stm32f0xx_hal_rcc_ex.o
 .debug_loc     0x00005f9b     0x1a5b Drivers/STM32F0xx_HAL_Driver/Src/stm32f0xx_hal_usart.o
 .debug_loc     0x000079f6      0x4f9 Middlewares/ST/STM32_USB_Device_Library/Class/HID/Src/usbd_hid.o
 .debug_loc     0x00007eef      0x744 Middlewares/ST/STM32_USB_Device_Library/Core/Src/usbd_core.o
 .debug_loc     0x00008633      0xb11 Middlewares/ST/STM32_USB_Device_Library/Core/Src/usbd_ctlreq.o
 .debug_loc     0x00009144      0x23c Middlewares/ST/STM32_USB_Device_Library/Core/Src/usbd_ioreq.o
 .debug_loc     0x00009380      0x13f Src/main.o
 .debug_loc     0x000094bf       0xf0 Src/stm32f0xx_hal_msp.o
 .debug_loc     0x000095af      0x120 Src/system_stm32f0xx.o
 .debug_loc     0x000096cf      0xc15 Src/usbd_conf.o
 .debug_loc     0x0000a2e4      0x2b7 Src/usbd_desc.o

.debug_aranges  0x00000000      0xc30
 .debug_aranges
                0x00000000       0xb8 Drivers/STM32F0xx_HAL_Driver/Src/stm32f0xx_hal.o
 .debug_aranges
                0x000000b8       0x78 Drivers/STM32F0xx_HAL_Driver/Src/stm32f0xx_hal_cortex.o
 .debug_aranges
                0x00000130       0x58 Drivers/STM32F0xx_HAL_Driver/Src/stm32f0xx_hal_gpio.o
 .debug_aranges
                0x00000188      0x260 Drivers/STM32F0xx_HAL_Driver/Src/stm32f0xx_hal_i2c.o
 .debug_aranges
                0x000003e8       0x38 Drivers/STM32F0xx_HAL_Driver/Src/stm32f0xx_hal_i2c_ex.o
 .debug_aranges
                0x00000420      0x130 Drivers/STM32F0xx_HAL_Driver/Src/stm32f0xx_hal_pcd.o
 .debug_aranges
                0x00000550       0x20 Drivers/STM32F0xx_HAL_Driver/Src/stm32f0xx_hal_pcd_ex.o
 .debug_aranges
                0x00000570       0x80 Drivers/STM32F0xx_HAL_Driver/Src/stm32f0xx_hal_rcc.o
 .debug_aranges
                0x000005f0       0x30 Drivers/STM32F0xx_HAL_Driver/Src/stm32f0xx_hal_rcc_ex.o
 .debug_aranges
                0x00000620      0x178 Drivers/STM32F0xx_HAL_Driver/Src/stm32f0xx_hal_usart.o
 .debug_aranges
                0x00000798       0x58 Middlewares/ST/STM32_USB_Device_Library/Class/HID/Src/usbd_hid.o
 .debug_aranges
                0x000007f0       0xb8 Middlewares/ST/STM32_USB_Device_Library/Core/Src/usbd_core.o
 .debug_aranges
                0x000008a8       0x88 Middlewares/ST/STM32_USB_Device_Library/Core/Src/usbd_ctlreq.o
 .debug_aranges
                0x00000930       0x50 Middlewares/ST/STM32_USB_Device_Library/Core/Src/usbd_ioreq.o
 .debug_aranges
                0x00000980       0x50 Src/main.o
 .debug_aranges
                0x000009d0       0x40 Src/stm32f0xx_hal_msp.o
 .debug_aranges
                0x00000a10       0x48 Src/stm32f0xx_it.o
 .debug_aranges
                0x00000a58       0x28 Src/system_stm32f0xx.o
 .debug_aranges
                0x00000a80       0x20 Src/usb_device.o
 .debug_aranges
                0x00000aa0      0x118 Src/usbd_conf.o
 .debug_aranges
                0x00000bb8       0x50 Src/usbd_desc.o
 .debug_aranges
                0x00000c08       0x28 startup/startup_stm32f070xb.o

.debug_ranges   0x00000000      0xc90
 .debug_ranges  0x00000000       0xa8 Drivers/STM32F0xx_HAL_Driver/Src/stm32f0xx_hal.o
 .debug_ranges  0x000000a8       0xb0 Drivers/STM32F0xx_HAL_Driver/Src/stm32f0xx_hal_cortex.o
 .debug_ranges  0x00000158       0x48 Drivers/STM32F0xx_HAL_Driver/Src/stm32f0xx_hal_gpio.o
 .debug_ranges  0x000001a0      0x250 Drivers/STM32F0xx_HAL_Driver/Src/stm32f0xx_hal_i2c.o
 .debug_ranges  0x000003f0       0x28 Drivers/STM32F0xx_HAL_Driver/Src/stm32f0xx_hal_i2c_ex.o
 .debug_ranges  0x00000418      0x210 Drivers/STM32F0xx_HAL_Driver/Src/stm32f0xx_hal_pcd.o
 .debug_ranges  0x00000628       0x10 Drivers/STM32F0xx_HAL_Driver/Src/stm32f0xx_hal_pcd_ex.o
 .debug_ranges  0x00000638       0x88 Drivers/STM32F0xx_HAL_Driver/Src/stm32f0xx_hal_rcc.o
 .debug_ranges  0x000006c0       0x38 Drivers/STM32F0xx_HAL_Driver/Src/stm32f0xx_hal_rcc_ex.o
 .debug_ranges  0x000006f8      0x168 Drivers/STM32F0xx_HAL_Driver/Src/stm32f0xx_hal_usart.o
 .debug_ranges  0x00000860       0x48 Middlewares/ST/STM32_USB_Device_Library/Class/HID/Src/usbd_hid.o
 .debug_ranges  0x000008a8       0xa8 Middlewares/ST/STM32_USB_Device_Library/Core/Src/usbd_core.o
 .debug_ranges  0x00000950       0x78 Middlewares/ST/STM32_USB_Device_Library/Core/Src/usbd_ctlreq.o
 .debug_ranges  0x000009c8       0x40 Middlewares/ST/STM32_USB_Device_Library/Core/Src/usbd_ioreq.o
 .debug_ranges  0x00000a08       0x90 Src/main.o
 .debug_ranges  0x00000a98       0x30 Src/stm32f0xx_hal_msp.o
 .debug_ranges  0x00000ac8       0x38 Src/stm32f0xx_it.o
 .debug_ranges  0x00000b00       0x18 Src/system_stm32f0xx.o
 .debug_ranges  0x00000b18       0x10 Src/usb_device.o
 .debug_ranges  0x00000b28      0x108 Src/usbd_conf.o
 .debug_ranges  0x00000c30       0x40 Src/usbd_desc.o
 .debug_ranges  0x00000c70       0x20 startup/startup_stm32f070xb.o

.debug_macro    0x00000000    0x103b5
 .debug_macro   0x00000000      0x332 Drivers/STM32F0xx_HAL_Driver/Src/stm32f0xx_hal.o
 .debug_macro   0x00000332      0xa42 Drivers/STM32F0xx_HAL_Driver/Src/stm32f0xx_hal.o
 .debug_macro   0x00000d74       0xb1 Drivers/STM32F0xx_HAL_Driver/Src/stm32f0xx_hal.o
 .debug_macro   0x00000e25       0x2e Drivers/STM32F0xx_HAL_Driver/Src/stm32f0xx_hal.o
 .debug_macro   0x00000e53       0x22 Drivers/STM32F0xx_HAL_Driver/Src/stm32f0xx_hal.o
 .debug_macro   0x00000e75       0x22 Drivers/STM32F0xx_HAL_Driver/Src/stm32f0xx_hal.o
 .debug_macro   0x00000e97       0x8e Drivers/STM32F0xx_HAL_Driver/Src/stm32f0xx_hal.o
 .debug_macro   0x00000f25       0x51 Drivers/STM32F0xx_HAL_Driver/Src/stm32f0xx_hal.o
 .debug_macro   0x00000f76       0xef Drivers/STM32F0xx_HAL_Driver/Src/stm32f0xx_hal.o
 .debug_macro   0x00001065       0x6a Drivers/STM32F0xx_HAL_Driver/Src/stm32f0xx_hal.o
 .debug_macro   0x000010cf      0x1df Drivers/STM32F0xx_HAL_Driver/Src/stm32f0xx_hal.o
 .debug_macro   0x000012ae       0x34 Drivers/STM32F0xx_HAL_Driver/Src/stm32f0xx_hal.o
 .debug_macro   0x000012e2       0x26 Drivers/STM32F0xx_HAL_Driver/Src/stm32f0xx_hal.o
 .debug_macro   0x00001308      0x30d Drivers/STM32F0xx_HAL_Driver/Src/stm32f0xx_hal.o
 .debug_macro   0x00001615     0x7686 Drivers/STM32F0xx_HAL_Driver/Src/stm32f0xx_hal.o
 .debug_macro   0x00008c9b       0x3c Drivers/STM32F0xx_HAL_Driver/Src/stm32f0xx_hal.o
 .debug_macro   0x00008cd7       0x5e Drivers/STM32F0xx_HAL_Driver/Src/stm32f0xx_hal.o
 .debug_macro   0x00008d35       0x18 Drivers/STM32F0xx_HAL_Driver/Src/stm32f0xx_hal.o
 .debug_macro   0x00008d4d       0x35 Drivers/STM32F0xx_HAL_Driver/Src/stm32f0xx_hal.o
 .debug_macro   0x00008d82       0x34 Drivers/STM32F0xx_HAL_Driver/Src/stm32f0xx_hal.o
 .debug_macro   0x00008db6       0x16 Drivers/STM32F0xx_HAL_Driver/Src/stm32f0xx_hal.o
 .debug_macro   0x00008dcc       0x97 Drivers/STM32F0xx_HAL_Driver/Src/stm32f0xx_hal.o
 .debug_macro   0x00008e63      0x330 Drivers/STM32F0xx_HAL_Driver/Src/stm32f0xx_hal.o
 .debug_macro   0x00009193       0xfd Drivers/STM32F0xx_HAL_Driver/Src/stm32f0xx_hal.o
 .debug_macro   0x00009290       0x10 Drivers/STM32F0xx_HAL_Driver/Src/stm32f0xx_hal.o
 .debug_macro   0x000092a0       0x58 Drivers/STM32F0xx_HAL_Driver/Src/stm32f0xx_hal.o
 .debug_macro   0x000092f8       0x1f Drivers/STM32F0xx_HAL_Driver/Src/stm32f0xx_hal.o
 .debug_macro   0x00009317       0x43 Drivers/STM32F0xx_HAL_Driver/Src/stm32f0xx_hal.o
 .debug_macro   0x0000935a       0x20 Drivers/STM32F0xx_HAL_Driver/Src/stm32f0xx_hal.o
 .debug_macro   0x0000937a      0x18e Drivers/STM32F0xx_HAL_Driver/Src/stm32f0xx_hal.o
 .debug_macro   0x00009508       0x10 Drivers/STM32F0xx_HAL_Driver/Src/stm32f0xx_hal.o
 .debug_macro   0x00009518       0x1c Drivers/STM32F0xx_HAL_Driver/Src/stm32f0xx_hal.o
 .debug_macro   0x00009534       0x52 Drivers/STM32F0xx_HAL_Driver/Src/stm32f0xx_hal.o
 .debug_macro   0x00009586       0x40 Drivers/STM32F0xx_HAL_Driver/Src/stm32f0xx_hal.o
 .debug_macro   0x000095c6       0x10 Drivers/STM32F0xx_HAL_Driver/Src/stm32f0xx_hal.o
 .debug_macro   0x000095d6       0x40 Drivers/STM32F0xx_HAL_Driver/Src/stm32f0xx_hal.o
 .debug_macro   0x00009616       0xd7 Drivers/STM32F0xx_HAL_Driver/Src/stm32f0xx_hal.o
 .debug_macro   0x000096ed       0x1c Drivers/STM32F0xx_HAL_Driver/Src/stm32f0xx_hal.o
 .debug_macro   0x00009709       0x3d Drivers/STM32F0xx_HAL_Driver/Src/stm32f0xx_hal.o
 .debug_macro   0x00009746       0x16 Drivers/STM32F0xx_HAL_Driver/Src/stm32f0xx_hal.o
 .debug_macro   0x0000975c      0x16f Drivers/STM32F0xx_HAL_Driver/Src/stm32f0xx_hal.o
 .debug_macro   0x000098cb       0x50 Drivers/STM32F0xx_HAL_Driver/Src/stm32f0xx_hal.o
 .debug_macro   0x0000991b      0x92f Drivers/STM32F0xx_HAL_Driver/Src/stm32f0xx_hal.o
 .debug_macro   0x0000a24a      0x289 Drivers/STM32F0xx_HAL_Driver/Src/stm32f0xx_hal.o
 .debug_macro   0x0000a4d3      0x13a Drivers/STM32F0xx_HAL_Driver/Src/stm32f0xx_hal.o
 .debug_macro   0x0000a60d      0x130 Drivers/STM32F0xx_HAL_Driver/Src/stm32f0xx_hal.o
 .debug_macro   0x0000a73d      0x1f4 Drivers/STM32F0xx_HAL_Driver/Src/stm32f0xx_hal.o
 .debug_macro   0x0000a931       0x34 Drivers/STM32F0xx_HAL_Driver/Src/stm32f0xx_hal.o
 .debug_macro   0x0000a965       0x43 Drivers/STM32F0xx_HAL_Driver/Src/stm32f0xx_hal.o
 .debug_macro   0x0000a9a8       0x28 Drivers/STM32F0xx_HAL_Driver/Src/stm32f0xx_hal.o
 .debug_macro   0x0000a9d0       0xb6 Drivers/STM32F0xx_HAL_Driver/Src/stm32f0xx_hal.o
 .debug_macro   0x0000aa86      0x217 Drivers/STM32F0xx_HAL_Driver/Src/stm32f0xx_hal.o
 .debug_macro   0x0000ac9d      0x202 Drivers/STM32F0xx_HAL_Driver/Src/stm32f0xx_hal.o
 .debug_macro   0x0000ae9f       0x61 Drivers/STM32F0xx_HAL_Driver/Src/stm32f0xx_hal.o
 .debug_macro   0x0000af00       0x90 Drivers/STM32F0xx_HAL_Driver/Src/stm32f0xx_hal.o
 .debug_macro   0x0000af90      0x265 Drivers/STM32F0xx_HAL_Driver/Src/stm32f0xx_hal.o
 .debug_macro   0x0000b1f5       0x4d Drivers/STM32F0xx_HAL_Driver/Src/stm32f0xx_hal.o
 .debug_macro   0x0000b242       0x49 Drivers/STM32F0xx_HAL_Driver/Src/stm32f0xx_hal.o
 .debug_macro   0x0000b28b      0x1d1 Drivers/STM32F0xx_HAL_Driver/Src/stm32f0xx_hal.o
 .debug_macro   0x0000b45c       0x8d Drivers/STM32F0xx_HAL_Driver/Src/stm32f0xx_hal.o
 .debug_macro   0x0000b4e9      0x114 Drivers/STM32F0xx_HAL_Driver/Src/stm32f0xx_hal.o
 .debug_macro   0x0000b5fd      0x30e Drivers/STM32F0xx_HAL_Driver/Src/stm32f0xx_hal_cortex.o
 .debug_macro   0x0000b90b      0x346 Drivers/STM32F0xx_HAL_Driver/Src/stm32f0xx_hal_gpio.o
 .debug_macro   0x0000bc51      0x3da Drivers/STM32F0xx_HAL_Driver/Src/stm32f0xx_hal_i2c.o
 .debug_macro   0x0000c02b      0x30e Drivers/STM32F0xx_HAL_Driver/Src/stm32f0xx_hal_i2c_ex.o
 .debug_macro   0x0000c339      0x314 Drivers/STM32F0xx_HAL_Driver/Src/stm32f0xx_hal_pcd.o
 .debug_macro   0x0000c64d      0x30e Drivers/STM32F0xx_HAL_Driver/Src/stm32f0xx_hal_pcd_ex.o
 .debug_macro   0x0000c95b      0x320 Drivers/STM32F0xx_HAL_Driver/Src/stm32f0xx_hal_rcc.o
 .debug_macro   0x0000cc7b      0x30e Drivers/STM32F0xx_HAL_Driver/Src/stm32f0xx_hal_rcc_ex.o
 .debug_macro   0x0000cf89      0x32b Drivers/STM32F0xx_HAL_Driver/Src/stm32f0xx_hal_usart.o
 .debug_macro   0x0000d2b4      0x3dd Middlewares/ST/STM32_USB_Device_Library/Class/HID/Src/usbd_hid.o
 .debug_macro   0x0000d691       0x58 Middlewares/ST/STM32_USB_Device_Library/Class/HID/Src/usbd_hid.o
 .debug_macro   0x0000d6e9       0x94 Middlewares/ST/STM32_USB_Device_Library/Class/HID/Src/usbd_hid.o
 .debug_macro   0x0000d77d       0x57 Middlewares/ST/STM32_USB_Device_Library/Class/HID/Src/usbd_hid.o
 .debug_macro   0x0000d7d4       0x16 Middlewares/ST/STM32_USB_Device_Library/Class/HID/Src/usbd_hid.o
 .debug_macro   0x0000d7ea       0x35 Middlewares/ST/STM32_USB_Device_Library/Class/HID/Src/usbd_hid.o
 .debug_macro   0x0000d81f       0x16 Middlewares/ST/STM32_USB_Device_Library/Class/HID/Src/usbd_hid.o
 .debug_macro   0x0000d835       0x29 Middlewares/ST/STM32_USB_Device_Library/Class/HID/Src/usbd_hid.o
 .debug_macro   0x0000d85e       0x16 Middlewares/ST/STM32_USB_Device_Library/Class/HID/Src/usbd_hid.o
 .debug_macro   0x0000d874      0x14b Middlewares/ST/STM32_USB_Device_Library/Class/HID/Src/usbd_hid.o
 .debug_macro   0x0000d9bf       0x64 Middlewares/ST/STM32_USB_Device_Library/Class/HID/Src/usbd_hid.o
 .debug_macro   0x0000da23      0x1c3 Middlewares/ST/STM32_USB_Device_Library/Class/HID/Src/usbd_hid.o
 .debug_macro   0x0000dbe6       0x6a Middlewares/ST/STM32_USB_Device_Library/Class/HID/Src/usbd_hid.o
 .debug_macro   0x0000dc50      0x3b6 Middlewares/ST/STM32_USB_Device_Library/Core/Src/usbd_core.o
 .debug_macro   0x0000e006      0x1c9 Middlewares/ST/STM32_USB_Device_Library/Core/Src/usbd_core.o
 .debug_macro   0x0000e1cf      0x3c0 Middlewares/ST/STM32_USB_Device_Library/Core/Src/usbd_ctlreq.o
 .debug_macro   0x0000e58f      0x3bc Middlewares/ST/STM32_USB_Device_Library/Core/Src/usbd_ioreq.o
 .debug_macro   0x0000e94b      0x419 Src/main.o
 .debug_macro   0x0000ed64      0x31d Src/stm32f0xx_hal_msp.o
 .debug_macro   0x0000f081      0x327 Src/stm32f0xx_it.o
 .debug_macro   0x0000f3a8      0x30e Src/system_stm32f0xx.o
 .debug_macro   0x0000f6b6      0x3e7 Src/usb_device.o
 .debug_macro   0x0000fa9d      0x151 Src/usb_device.o
 .debug_macro   0x0000fbee      0x3d3 Src/usbd_conf.o
 .debug_macro   0x0000ffc1      0x3f4 Src/usbd_desc.o

.debug_line     0x00000000     0xdf81
 .debug_line    0x00000000      0x8e8 Drivers/STM32F0xx_HAL_Driver/Src/stm32f0xx_hal.o
 .debug_line    0x000008e8      0x8e1 Drivers/STM32F0xx_HAL_Driver/Src/stm32f0xx_hal_cortex.o
 .debug_line    0x000011c9      0x8c5 Drivers/STM32F0xx_HAL_Driver/Src/stm32f0xx_hal_gpio.o
 .debug_line    0x00001a8e     0x18a9 Drivers/STM32F0xx_HAL_Driver/Src/stm32f0xx_hal_i2c.o
 .debug_line    0x00003337      0x835 Drivers/STM32F0xx_HAL_Driver/Src/stm32f0xx_hal_i2c_ex.o
 .debug_line    0x00003b6c      0xe2b Drivers/STM32F0xx_HAL_Driver/Src/stm32f0xx_hal_pcd.o
 .debug_line    0x00004997      0x797 Drivers/STM32F0xx_HAL_Driver/Src/stm32f0xx_hal_pcd_ex.o
 .debug_line    0x0000512e      0x9fa Drivers/STM32F0xx_HAL_Driver/Src/stm32f0xx_hal_rcc.o
 .debug_line    0x00005b28      0x87c Drivers/STM32F0xx_HAL_Driver/Src/stm32f0xx_hal_rcc_ex.o
 .debug_line    0x000063a4     0x116c Drivers/STM32F0xx_HAL_Driver/Src/stm32f0xx_hal_usart.o
 .debug_line    0x00007510      0xa09 Middlewares/ST/STM32_USB_Device_Library/Class/HID/Src/usbd_hid.o
 .debug_line    0x00007f19      0xa87 Middlewares/ST/STM32_USB_Device_Library/Core/Src/usbd_core.o
 .debug_line    0x000089a0      0xaaa Middlewares/ST/STM32_USB_Device_Library/Core/Src/usbd_ctlreq.o
 .debug_line    0x0000944a      0x90e Middlewares/ST/STM32_USB_Device_Library/Core/Src/usbd_ioreq.o
 .debug_line    0x00009d58      0xcac Src/main.o
 .debug_line    0x0000aa04      0x7f5 Src/stm32f0xx_hal_msp.o
 .debug_line    0x0000b1f9      0x7d7 Src/stm32f0xx_it.o
 .debug_line    0x0000b9d0      0x7a2 Src/system_stm32f0xx.o
 .debug_line    0x0000c172      0x8fd Src/usb_device.o
 .debug_line    0x0000ca6f      0xb97 Src/usbd_conf.o
 .debug_line    0x0000d606      0x8f8 Src/usbd_desc.o
 .debug_line    0x0000defe       0x83 startup/startup_stm32f070xb.o

.debug_str      0x00000000    0x49a1b
 .debug_str     0x00000000    0x450f3 Drivers/STM32F0xx_HAL_Driver/Src/stm32f0xx_hal.o
                              0x453ad (size before relaxing)
 .debug_str     0x000450f3      0x1f8 Drivers/STM32F0xx_HAL_Driver/Src/stm32f0xx_hal_cortex.o
                              0x4525b (size before relaxing)
 .debug_str     0x000452eb      0x28e Drivers/STM32F0xx_HAL_Driver/Src/stm32f0xx_hal_gpio.o
                              0x4512c (size before relaxing)
 .debug_str     0x00045579     0x11b1 Drivers/STM32F0xx_HAL_Driver/Src/stm32f0xx_hal_i2c.o
                              0x4607a (size before relaxing)
 .debug_str     0x0004672a       0xc4 Drivers/STM32F0xx_HAL_Driver/Src/stm32f0xx_hal_i2c_ex.o
                              0x453f9 (size before relaxing)
 .debug_str     0x000467ee      0x641 Drivers/STM32F0xx_HAL_Driver/Src/stm32f0xx_hal_pcd.o
                              0x45502 (size before relaxing)
 .debug_str     0x00046e2f       0x57 Drivers/STM32F0xx_HAL_Driver/Src/stm32f0xx_hal_pcd_ex.o
                              0x45158 (size before relaxing)
 .debug_str     0x00046e86      0x326 Drivers/STM32F0xx_HAL_Driver/Src/stm32f0xx_hal_rcc.o
                              0x45290 (size before relaxing)
 .debug_str     0x000471ac      0x158 Drivers/STM32F0xx_HAL_Driver/Src/stm32f0xx_hal_rcc_ex.o
                              0x45030 (size before relaxing)
 .debug_str     0x00047304      0x78b Drivers/STM32F0xx_HAL_Driver/Src/stm32f0xx_hal_usart.o
                              0x458e1 (size before relaxing)
 .debug_str     0x00047a8f     0x15b6 Middlewares/ST/STM32_USB_Device_Library/Class/HID/Src/usbd_hid.o
                              0x46458 (size before relaxing)
 .debug_str     0x00049045      0x2b2 Middlewares/ST/STM32_USB_Device_Library/Core/Src/usbd_core.o
                              0x4633b (size before relaxing)
 .debug_str     0x000492f7      0x11b Middlewares/ST/STM32_USB_Device_Library/Core/Src/usbd_ctlreq.o
                              0x46255 (size before relaxing)
 .debug_str     0x00049412       0x79 Middlewares/ST/STM32_USB_Device_Library/Core/Src/usbd_ioreq.o
                              0x46182 (size before relaxing)
 .debug_str     0x0004948b      0x1b4 Src/main.o
                              0x46d4f (size before relaxing)
 .debug_str     0x0004963f       0x1b Src/stm32f0xx_hal_msp.o
                              0x45a73 (size before relaxing)
 .debug_str     0x0004965a       0x8c Src/stm32f0xx_it.o
                              0x45621 (size before relaxing)
 .debug_str     0x000496e6       0x3b Src/system_stm32f0xx.o
                              0x44e85 (size before relaxing)
 .debug_str     0x00049721       0x14 Src/usb_device.o
                              0x46269 (size before relaxing)
 .debug_str     0x00049735       0x96 Src/usbd_conf.o
                              0x46c88 (size before relaxing)
 .debug_str     0x000497cb      0x221 Src/usbd_desc.o
                              0x4601b (size before relaxing)
 .debug_str     0x000499ec       0x2f startup/startup_stm32f070xb.o
                                 0x60 (size before relaxing)

.comment        0x00000000       0x7f
 .comment       0x00000000       0x7f Drivers/STM32F0xx_HAL_Driver/Src/stm32f0xx_hal.o
                                 0x80 (size before relaxing)
 .comment       0x0000007f       0x80 Drivers/STM32F0xx_HAL_Driver/Src/stm32f0xx_hal_cortex.o
 .comment       0x0000007f       0x80 Drivers/STM32F0xx_HAL_Driver/Src/stm32f0xx_hal_gpio.o
 .comment       0x0000007f       0x80 Drivers/STM32F0xx_HAL_Driver/Src/stm32f0xx_hal_i2c.o
 .comment       0x0000007f       0x80 Drivers/STM32F0xx_HAL_Driver/Src/stm32f0xx_hal_i2c_ex.o
 .comment       0x0000007f       0x80 Drivers/STM32F0xx_HAL_Driver/Src/stm32f0xx_hal_pcd.o
 .comment       0x0000007f       0x80 Drivers/STM32F0xx_HAL_Driver/Src/stm32f0xx_hal_pcd_ex.o
 .comment       0x0000007f       0x80 Drivers/STM32F0xx_HAL_Driver/Src/stm32f0xx_hal_rcc.o
 .comment       0x0000007f       0x80 Drivers/STM32F0xx_HAL_Driver/Src/stm32f0xx_hal_rcc_ex.o
 .comment       0x0000007f       0x80 Drivers/STM32F0xx_HAL_Driver/Src/stm32f0xx_hal_usart.o
 .comment       0x0000007f       0x80 Middlewares/ST/STM32_USB_Device_Library/Class/HID/Src/usbd_hid.o
 .comment       0x0000007f       0x80 Middlewares/ST/STM32_USB_Device_Library/Core/Src/usbd_core.o
 .comment       0x0000007f       0x80 Middlewares/ST/STM32_USB_Device_Library/Core/Src/usbd_ctlreq.o
 .comment       0x0000007f       0x80 Middlewares/ST/STM32_USB_Device_Library/Core/Src/usbd_ioreq.o
 .comment       0x0000007f       0x80 Src/main.o
 .comment       0x0000007f       0x80 Src/stm32f0xx_hal_msp.o
 .comment       0x0000007f       0x80 Src/stm32f0xx_it.o
 .comment       0x0000007f       0x80 Src/system_stm32f0xx.o
 .comment       0x0000007f       0x80 Src/usb_device.o
 .comment       0x0000007f       0x80 Src/usbd_conf.o
 .comment       0x0000007f       0x80 Src/usbd_desc.o

.debug_frame    0x00000000     0x1e8c
 .debug_frame   0x00000000      0x174 Drivers/STM32F0xx_HAL_Driver/Src/stm32f0xx_hal.o
 .debug_frame   0x00000174       0xe4 Drivers/STM32F0xx_HAL_Driver/Src/stm32f0xx_hal_cortex.o
 .debug_frame   0x00000258       0xcc Drivers/STM32F0xx_HAL_Driver/Src/stm32f0xx_hal_gpio.o
 .debug_frame   0x00000324      0x77c Drivers/STM32F0xx_HAL_Driver/Src/stm32f0xx_hal_i2c.o
 .debug_frame   0x00000aa0       0x78 Drivers/STM32F0xx_HAL_Driver/Src/stm32f0xx_hal_i2c_ex.o
 .debug_frame   0x00000b18      0x2e8 Drivers/STM32F0xx_HAL_Driver/Src/stm32f0xx_hal_pcd.o
 .debug_frame   0x00000e00       0x28 Drivers/STM32F0xx_HAL_Driver/Src/stm32f0xx_hal_pcd_ex.o
 .debug_frame   0x00000e28      0x130 Drivers/STM32F0xx_HAL_Driver/Src/stm32f0xx_hal_rcc.o
 .debug_frame   0x00000f58       0x58 Drivers/STM32F0xx_HAL_Driver/Src/stm32f0xx_hal_rcc_ex.o
 .debug_frame   0x00000fb0      0x408 Drivers/STM32F0xx_HAL_Driver/Src/stm32f0xx_hal_usart.o
 .debug_frame   0x000013b8       0xb4 Middlewares/ST/STM32_USB_Device_Library/Class/HID/Src/usbd_hid.o
 .debug_frame   0x0000146c      0x1bc Middlewares/ST/STM32_USB_Device_Library/Core/Src/usbd_core.o
 .debug_frame   0x00001628      0x168 Middlewares/ST/STM32_USB_Device_Library/Core/Src/usbd_ctlreq.o
 .debug_frame   0x00001790       0xb8 Middlewares/ST/STM32_USB_Device_Library/Core/Src/usbd_ioreq.o
 .debug_frame   0x00001848       0xcc Src/main.o
 .debug_frame   0x00001914       0x8c Src/stm32f0xx_hal_msp.o
 .debug_frame   0x000019a0       0x80 Src/stm32f0xx_it.o
 .debug_frame   0x00001a20       0x38 Src/system_stm32f0xx.o
 .debug_frame   0x00001a58       0x28 Src/usb_device.o
 .debug_frame   0x00001a80      0x2f8 Src/usbd_conf.o
 .debug_frame   0x00001d78       0xa8 Src/usbd_desc.o
 .debug_frame   0x00001e20       0x20 c:/ac6/systemworkbench/plugins/fr.ac6.mcu.externaltools.arm-none.win32_1.17.0.201812190825/tools/compiler/bin/../lib/gcc/arm-none-eabi/7.3.1/thumb/v6-m\libgcc.a(_udivsi3.o)
 .debug_frame   0x00001e40       0x2c c:/ac6/systemworkbench/plugins/fr.ac6.mcu.externaltools.arm-none.win32_1.17.0.201812190825/tools/compiler/bin/../lib/gcc/arm-none-eabi/7.3.1/../../../../arm-none-eabi/lib/thumb/v6-m\libc_nano.a(lib_a-init.o)
 .debug_frame   0x00001e6c       0x20 c:/ac6/systemworkbench/plugins/fr.ac6.mcu.externaltools.arm-none.win32_1.17.0.201812190825/tools/compiler/bin/../lib/gcc/arm-none-eabi/7.3.1/../../../../arm-none-eabi/lib/thumb/v6-m\libc_nano.a(lib_a-memset.o)
